error: The attributes `serialize_always` and `serde(skip_serializing_if = "...")` cannot be used on the same field: `a`.
 --> tests/compile-fail/skip-none-always.rs:8:5
  |
8 |     #[serde(skip_serializing_if = "Option::is_none")]
  |     ^

error: The attributes `serialize_always` and `serde(skip_serializing_if = "...")` cannot be used on the same field.
  --> tests/compile-fail/skip-none-always.rs:16:5
   |
16 |     #[serde(skip_serializing_if = "Option::is_none")]
   |     ^

error: `serialize_always` may only be used on fields of type `Option`.
  --> tests/compile-fail/skip-none-always.rs:23:5
   |
23 |     #[serialize_always]
   |     ^
